// Jest Snapshot v1, https://goo.gl/fbAQLP

exports[`<Main /> should render the heading 1`] = `
<li
  class="css-0"
>
  ECOMMERCE COFFEE
</li>
`;
